// Jest Snapshot v1, https://goo.gl/fbAQLP

exports[`uses mounts 1`] = `
VueWrapper {
  "__app": Object {
    "_component": Object {
      "__emits": Object {},
      "__props": Array [
        Object {},
        Array [],
      ],
      "name": "VTU_ROOT",
      "render": [Function],
    },
    "_container": <div
      data-v-app=""
    >
      <div>
        <alert
          alert-array=""
          alerttype=""
        />
        <h2
          class=""
        />
        <div
          class="answer-inputs"
        >
          <div>
            <label>
              <input
                name="answer"
                type="radio"
                value="yes"
              />
               Yes 
            </label>
          </div>
          <div>
            <label>
              <input
                name="answer"
                type="radio"
                value="no"
              />
               No 
            </label>
          </div>
        </div>
        <p>
          Current question: 1
        </p>
        <button
          class="btn btn-primary"
          disabled=""
        >
          Complete survey
        </button>
      </div>
    </div>,
    "_context": Object {
      "app": [Circular],
      "components": Object {
        "transition": Object {
          "name": "transition",
          "props": undefined,
          "render": [Function],
        },
        "transition-group": Object {
          "name": "transition-group",
          "props": undefined,
          "render": [Function],
        },
      },
      "config": Object {
        "errorHandler": undefined,
        "globalProperties": Object {},
        "isCustomElement": [Function],
        "isNativeTag": [Function],
        "optionMergeStrategies": Object {},
        "performance": false,
        "warnHandler": undefined,
      },
      "directives": Object {},
      "mixins": Array [
        Object {
          "__emits": null,
          "__props": Array [],
          "beforeCreate": [Function],
        },
      ],
      "provides": Object {},
      "reload": [Function],
    },
    "_props": null,
    "_uid": 0,
    "component": [Function],
    "config": Object {
      "errorHandler": undefined,
      "globalProperties": Object {},
      "isCustomElement": [Function],
      "isNativeTag": [Function],
      "optionMergeStrategies": Object {},
      "performance": false,
      "warnHandler": undefined,
    },
    "directive": [Function],
    "mixin": [Function],
    "mount": [Function],
    "provide": [Function],
    "unmount": [Function],
    "use": [Function],
    "version": "3.0.6",
  },
  "__setProps": [Function],
  "componentVM": Object {
    "alertType": "",
    "alerts": Array [],
    "buttonText": "Complete survey",
    "currentQuestion": Object {},
    "currentQuestionIndex": 0,
    "hasOwnProperty": [Function],
    "isDisabled": true,
    "questions": [Function],
    "responseArray": Object {
      "A": 0,
      "C": 0,
      "E": 0,
      "I": 0,
      "R": 0,
      "S": 0,
    },
    "responses": Array [],
    "selectedAnswer": null,
  },
  "rootVM": Object {},
  "wrapperElement": <div>
    <alert
      alert-array=""
      alerttype=""
    />
    <h2
      class=""
    />
    <div
      class="answer-inputs"
    >
      <div>
        <label>
          <input
            name="answer"
            type="radio"
            value="yes"
          />
           Yes 
        </label>
      </div>
      <div>
        <label>
          <input
            name="answer"
            type="radio"
            value="no"
          />
           No 
        </label>
      </div>
    </div>
    <p>
      Current question: 1
    </p>
    <button
      class="btn btn-primary"
      disabled=""
    >
      Complete survey
    </button>
  </div>,
}
`;
